Archive member included to satisfy reference by file (symbol)

/usr/lib/gcc/arm-none-eabi/6.3.1/libgcc.a(_udivsi3.o)
                              tegra30_uart.o (__aeabi_uidiv)
/usr/lib/gcc/arm-none-eabi/6.3.1/libgcc.a(_dvmd_tls.o)
                              /usr/lib/gcc/arm-none-eabi/6.3.1/libgcc.a(_udivsi3.o) (__aeabi_idiv0)

Discarded input sections

 .data          0x00000000        0x0 payload.o
 .data          0x00000000        0x0 system_regs.o
 .data          0x00000000        0x0 tegra30_uart.o
 .data          0x00000000        0x0 printf.o
 .data          0x00000000        0x0 mmu_dump.o
 .data          0x00000000        0x0 /usr/lib/gcc/arm-none-eabi/6.3.1/libgcc.a(_udivsi3.o)
 .data          0x00000000        0x0 /usr/lib/gcc/arm-none-eabi/6.3.1/libgcc.a(_dvmd_tls.o)

Memory Configuration

Name             Origin             Length             Attributes
*default*        0x00000000         0xffffffff

Linker script and memory map

LOAD payload.o
LOAD system_regs.o
LOAD tegra30_uart.o
LOAD printf.o
LOAD mmu_dump.o
                0x83100000                . = 0x83100000

.text           0x83100000     0x2a80
 *(.text)
 .text          0x83100000       0xc0 payload.o
                0x83100000                main
 .text          0x831000c0      0x158 system_regs.o
                0x831000c0                get_processor_mode
                0x831000e0                get_SB_PFCFG_0
                0x831000f4                get_cp15sdisable
                0x83100110                get_tbbr0
                0x8310012c                set_tbbr0
                0x83100148                get_dacr
                0x83100164                set_dacr
                0x83100184                get_ns
                0x831001a4                set_ns
                0x831001bc                clear_ns
                0x831001e0                disable_mmu
                0x831001fc                get_mpidr
 .text          0x83100218      0x568 tegra30_uart.o
                0x83100218                print_newline
                0x83100238                debug_uart_print
                0x831002a0                utoa
                0x831003c4                utoa_leading_zero
                0x83100534                putc
                0x83100584                uart_print
                0x8310062c                uart_init
 .text          0x83100780     0x1718 printf.o
                0x831008e8                kvprintf
                0x83101df8                printf
                0x83101e50                sprintf
 .text          0x83101e98      0xad0 mmu_dump.o
                0x83102728                mmu_dump
                0x8310292c                _start
 .text          0x83102968      0x114 /usr/lib/gcc/arm-none-eabi/6.3.1/libgcc.a(_udivsi3.o)
                0x83102968                __udivsi3
                0x83102968                __aeabi_uidiv
                0x83102a5c                __aeabi_uidivmod
 .text          0x83102a7c        0x4 /usr/lib/gcc/arm-none-eabi/6.3.1/libgcc.a(_dvmd_tls.o)
                0x83102a7c                __aeabi_ldiv0
                0x83102a7c                __aeabi_idiv0

.rodata         0x83102a80      0x2e3
 .rodata        0x83102a80       0x41 payload.o
 *fill*         0x83102ac1        0x3 
 .rodata        0x83102ac4       0x60 tegra30_uart.o
 .rodata        0x83102b24       0x3b printf.o
                0x83102b24                hex2ascii_data
 *fill*         0x83102b5f        0x1 
 .rodata        0x83102b60      0x203 mmu_dump.o

.glue_7         0x83102d64        0x0
 .glue_7        0x83102d64        0x0 linker stubs

.glue_7t        0x83102d64        0x0
 .glue_7t       0x83102d64        0x0 linker stubs

.vfp11_veneer   0x83102d64        0x0
 .vfp11_veneer  0x83102d64        0x0 linker stubs

.v4_bx          0x83102d64        0x0
 .v4_bx         0x83102d64        0x0 linker stubs

.iplt           0x83102d64        0x0
 .iplt          0x83102d64        0x0 payload.o

.igot.plt       0x83102d64        0x0
 .igot.plt      0x83102d64        0x0 payload.o

.got            0x83102d64        0x8
 .got           0x83102d64        0x8 payload.o

.got.plt        0x83102d6c        0xc
 .got.plt       0x83102d6c        0xc payload.o
                0x83102d6c                _GLOBAL_OFFSET_TABLE_

.rel.dyn        0x83102d78        0x0
 .rel.iplt      0x83102d78        0x0 payload.o
 .rel.got       0x83102d78        0x0 payload.o

.bss            0x83102d78        0x4
 .bss           0x83102d78        0x0 payload.o
 .bss           0x83102d78        0x0 system_regs.o
 .bss           0x83102d78        0x0 tegra30_uart.o
 .bss           0x83102d78        0x0 printf.o
 .bss           0x83102d78        0x4 mmu_dump.o
 .bss           0x83102d7c        0x0 /usr/lib/gcc/arm-none-eabi/6.3.1/libgcc.a(_udivsi3.o)
 .bss           0x83102d7c        0x0 /usr/lib/gcc/arm-none-eabi/6.3.1/libgcc.a(_dvmd_tls.o)
                0x83102d7c                . = ALIGN (0x4)

/DISCARD/
 *(.dynstr*)
 *(.dynamic*)
 *(.plt*)
 *(.interp*)
 *(.gnu*)
 *(.data*)
LOAD /usr/lib/gcc/arm-none-eabi/6.3.1/libgcc.a
OUTPUT(payload2.elf elf32-littlearm)

.debug_info     0x00000000     0x109a
 .debug_info    0x00000000       0xb6 payload.o
 .debug_info    0x000000b6      0x1f3 system_regs.o
 .debug_info    0x000002a9      0x221 tegra30_uart.o
 .debug_info    0x000004ca      0x6f7 printf.o
 .debug_info    0x00000bc1      0x37d mmu_dump.o
 .debug_info    0x00000f3e       0xae /usr/lib/gcc/arm-none-eabi/6.3.1/libgcc.a(_udivsi3.o)
 .debug_info    0x00000fec       0xae /usr/lib/gcc/arm-none-eabi/6.3.1/libgcc.a(_dvmd_tls.o)

.debug_abbrev   0x00000000      0x4f4
 .debug_abbrev  0x00000000       0x6e payload.o
 .debug_abbrev  0x0000006e       0xe7 system_regs.o
 .debug_abbrev  0x00000155       0xf1 tegra30_uart.o
 .debug_abbrev  0x00000246      0x1a1 printf.o
 .debug_abbrev  0x000003e7       0xe5 mmu_dump.o
 .debug_abbrev  0x000004cc       0x14 /usr/lib/gcc/arm-none-eabi/6.3.1/libgcc.a(_udivsi3.o)
 .debug_abbrev  0x000004e0       0x14 /usr/lib/gcc/arm-none-eabi/6.3.1/libgcc.a(_dvmd_tls.o)

.debug_aranges  0x00000000       0xe0
 .debug_aranges
                0x00000000       0x20 payload.o
 .debug_aranges
                0x00000020       0x20 system_regs.o
 .debug_aranges
                0x00000040       0x20 tegra30_uart.o
 .debug_aranges
                0x00000060       0x20 printf.o
 .debug_aranges
                0x00000080       0x20 mmu_dump.o
 .debug_aranges
                0x000000a0       0x20 /usr/lib/gcc/arm-none-eabi/6.3.1/libgcc.a(_udivsi3.o)
 .debug_aranges
                0x000000c0       0x20 /usr/lib/gcc/arm-none-eabi/6.3.1/libgcc.a(_dvmd_tls.o)

.debug_line     0x00000000      0x898
 .debug_line    0x00000000       0x82 payload.o
 .debug_line    0x00000082       0x9c system_regs.o
 .debug_line    0x0000011e       0xe3 tegra30_uart.o
 .debug_line    0x00000201      0x407 printf.o
 .debug_line    0x00000608      0x1bd mmu_dump.o
 .debug_line    0x000007c5       0x78 /usr/lib/gcc/arm-none-eabi/6.3.1/libgcc.a(_udivsi3.o)
 .debug_line    0x0000083d       0x5b /usr/lib/gcc/arm-none-eabi/6.3.1/libgcc.a(_dvmd_tls.o)

.debug_str      0x00000000      0x43c
 .debug_str     0x00000000      0x161 payload.o
                                0x19a (size before relaxing)
 .debug_str     0x00000161       0x94 system_regs.o
                                0x211 (size before relaxing)
 .debug_str     0x000001f5       0xa9 tegra30_uart.o
                                0x1c1 (size before relaxing)
 .debug_str     0x0000029e      0x120 printf.o
                                0x2ac (size before relaxing)
 .debug_str     0x000003be       0x7e mmu_dump.o
                                0x18a (size before relaxing)

.comment        0x00000000       0x31
 .comment       0x00000000       0x31 payload.o
                                 0x32 (size before relaxing)
 .comment       0x00000031       0x32 system_regs.o
 .comment       0x00000031       0x32 tegra30_uart.o
 .comment       0x00000031       0x32 printf.o
 .comment       0x00000031       0x32 mmu_dump.o

.ARM.attributes
                0x00000000       0x39
 .ARM.attributes
                0x00000000       0x39 payload.o
 .ARM.attributes
                0x00000039       0x39 system_regs.o
 .ARM.attributes
                0x00000072       0x39 tegra30_uart.o
 .ARM.attributes
                0x000000ab       0x39 printf.o
 .ARM.attributes
                0x000000e4       0x39 mmu_dump.o
 .ARM.attributes
                0x0000011d       0x18 /usr/lib/gcc/arm-none-eabi/6.3.1/libgcc.a(_udivsi3.o)
 .ARM.attributes
                0x00000135       0x18 /usr/lib/gcc/arm-none-eabi/6.3.1/libgcc.a(_dvmd_tls.o)

.debug_frame    0x00000000      0x3b0
 .debug_frame   0x00000000       0x28 payload.o
 .debug_frame   0x00000028      0x118 system_regs.o
 .debug_frame   0x00000140       0xc4 tegra30_uart.o
 .debug_frame   0x00000204       0xcc printf.o
 .debug_frame   0x000002d0       0xc0 mmu_dump.o
 .debug_frame   0x00000390       0x20 /usr/lib/gcc/arm-none-eabi/6.3.1/libgcc.a(_udivsi3.o)
