Archive member included to satisfy reference by file (symbol)

/usr/lib/gcc/arm-none-eabi/6.3.1/libgcc.a(_udivsi3.o)
                              tegra30_uart.o (__aeabi_uidiv)
/usr/lib/gcc/arm-none-eabi/6.3.1/libgcc.a(_dvmd_tls.o)
                              /usr/lib/gcc/arm-none-eabi/6.3.1/libgcc.a(_udivsi3.o) (__aeabi_idiv0)

Discarded input sections

 .data          0x00000000        0x0 payload.o
 .data          0x00000000        0x0 system_regs.o
 .data          0x00000000        0x0 tegra30_uart.o
 .data          0x00000000        0x0 printf.o
 .data          0x00000000        0x0 mmu_dump.o
 .data          0x00000000        0x0 /usr/lib/gcc/arm-none-eabi/6.3.1/libgcc.a(_udivsi3.o)
 .data          0x00000000        0x0 /usr/lib/gcc/arm-none-eabi/6.3.1/libgcc.a(_dvmd_tls.o)

Memory Configuration

Name             Origin             Length             Attributes
*default*        0x00000000         0xffffffff

Linker script and memory map

LOAD payload.o
LOAD system_regs.o
LOAD tegra30_uart.o
LOAD printf.o
LOAD mmu_dump.o
                0x83100000                . = 0x83100000

.text           0x83100000     0x2b40
 *(.text)
 .text          0x83100000      0x180 payload.o
                0x83100000                main
                0x8310010c                memcpy_usr
 .text          0x83100180      0x158 system_regs.o
                0x83100180                get_processor_mode
                0x831001a0                get_SB_PFCFG_0
                0x831001b4                get_cp15sdisable
                0x831001d0                get_tbbr0
                0x831001ec                set_tbbr0
                0x83100208                get_dacr
                0x83100224                set_dacr
                0x83100244                get_ns
                0x83100264                set_ns
                0x8310027c                clear_ns
                0x831002a0                disable_mmu
                0x831002bc                get_mpidr
 .text          0x831002d8      0x568 tegra30_uart.o
                0x831002d8                print_newline
                0x831002f8                debug_uart_print
                0x83100360                utoa
                0x83100484                utoa_leading_zero
                0x831005f4                putc
                0x83100644                uart_print
                0x831006ec                uart_init
 .text          0x83100840     0x1718 printf.o
                0x831009a8                kvprintf
                0x83101eb8                printf
                0x83101f10                sprintf
 .text          0x83101f58      0xad0 mmu_dump.o
                0x831027e8                mmu_dump
                0x831029ec                _start
 .text          0x83102a28      0x114 /usr/lib/gcc/arm-none-eabi/6.3.1/libgcc.a(_udivsi3.o)
                0x83102a28                __udivsi3
                0x83102a28                __aeabi_uidiv
                0x83102b1c                __aeabi_uidivmod
 .text          0x83102b3c        0x4 /usr/lib/gcc/arm-none-eabi/6.3.1/libgcc.a(_dvmd_tls.o)
                0x83102b3c                __aeabi_ldiv0
                0x83102b3c                __aeabi_idiv0

.rodata         0x83102b40      0x2ff
 .rodata        0x83102b40       0x5e payload.o
 *fill*         0x83102b9e        0x2 
 .rodata        0x83102ba0       0x60 tegra30_uart.o
 .rodata        0x83102c00       0x3b printf.o
                0x83102c00                hex2ascii_data
 *fill*         0x83102c3b        0x1 
 .rodata        0x83102c3c      0x203 mmu_dump.o

.glue_7         0x83102e40        0x0
 .glue_7        0x83102e40        0x0 linker stubs

.glue_7t        0x83102e40        0x0
 .glue_7t       0x83102e40        0x0 linker stubs

.vfp11_veneer   0x83102e40        0x0
 .vfp11_veneer  0x83102e40        0x0 linker stubs

.v4_bx          0x83102e40        0x0
 .v4_bx         0x83102e40        0x0 linker stubs

.iplt           0x83102e40        0x0
 .iplt          0x83102e40        0x0 payload.o

.igot.plt       0x83102e40        0x0
 .igot.plt      0x83102e40        0x0 payload.o

.got            0x83102e40        0x8
 .got           0x83102e40        0x8 payload.o

.got.plt        0x83102e48        0xc
 .got.plt       0x83102e48        0xc payload.o
                0x83102e48                _GLOBAL_OFFSET_TABLE_

.rel.dyn        0x83102e54        0x0
 .rel.iplt      0x83102e54        0x0 payload.o
 .rel.got       0x83102e54        0x0 payload.o

.bss            0x83102e54        0x4
 .bss           0x83102e54        0x0 payload.o
 .bss           0x83102e54        0x0 system_regs.o
 .bss           0x83102e54        0x0 tegra30_uart.o
 .bss           0x83102e54        0x0 printf.o
 .bss           0x83102e54        0x4 mmu_dump.o
 .bss           0x83102e58        0x0 /usr/lib/gcc/arm-none-eabi/6.3.1/libgcc.a(_udivsi3.o)
 .bss           0x83102e58        0x0 /usr/lib/gcc/arm-none-eabi/6.3.1/libgcc.a(_dvmd_tls.o)
                0x83102e58                . = ALIGN (0x4)

/DISCARD/
 *(.dynstr*)
 *(.dynamic*)
 *(.plt*)
 *(.interp*)
 *(.gnu*)
 *(.data*)
LOAD /usr/lib/gcc/arm-none-eabi/6.3.1/libgcc.a
OUTPUT(payload2.elf elf32-littlearm)

.debug_info     0x00000000     0x1124
 .debug_info    0x00000000      0x140 payload.o
 .debug_info    0x00000140      0x1f3 system_regs.o
 .debug_info    0x00000333      0x221 tegra30_uart.o
 .debug_info    0x00000554      0x6f7 printf.o
 .debug_info    0x00000c4b      0x37d mmu_dump.o
 .debug_info    0x00000fc8       0xae /usr/lib/gcc/arm-none-eabi/6.3.1/libgcc.a(_udivsi3.o)
 .debug_info    0x00001076       0xae /usr/lib/gcc/arm-none-eabi/6.3.1/libgcc.a(_dvmd_tls.o)

.debug_abbrev   0x00000000      0x549
 .debug_abbrev  0x00000000       0xc3 payload.o
 .debug_abbrev  0x000000c3       0xe7 system_regs.o
 .debug_abbrev  0x000001aa       0xf1 tegra30_uart.o
 .debug_abbrev  0x0000029b      0x1a1 printf.o
 .debug_abbrev  0x0000043c       0xe5 mmu_dump.o
 .debug_abbrev  0x00000521       0x14 /usr/lib/gcc/arm-none-eabi/6.3.1/libgcc.a(_udivsi3.o)
 .debug_abbrev  0x00000535       0x14 /usr/lib/gcc/arm-none-eabi/6.3.1/libgcc.a(_dvmd_tls.o)

.debug_aranges  0x00000000       0xe0
 .debug_aranges
                0x00000000       0x20 payload.o
 .debug_aranges
                0x00000020       0x20 system_regs.o
 .debug_aranges
                0x00000040       0x20 tegra30_uart.o
 .debug_aranges
                0x00000060       0x20 printf.o
 .debug_aranges
                0x00000080       0x20 mmu_dump.o
 .debug_aranges
                0x000000a0       0x20 /usr/lib/gcc/arm-none-eabi/6.3.1/libgcc.a(_udivsi3.o)
 .debug_aranges
                0x000000c0       0x20 /usr/lib/gcc/arm-none-eabi/6.3.1/libgcc.a(_dvmd_tls.o)

.debug_line     0x00000000      0x8bd
 .debug_line    0x00000000       0xa7 payload.o
 .debug_line    0x000000a7       0x9c system_regs.o
 .debug_line    0x00000143       0xe3 tegra30_uart.o
 .debug_line    0x00000226      0x407 printf.o
 .debug_line    0x0000062d      0x1bd mmu_dump.o
 .debug_line    0x000007ea       0x78 /usr/lib/gcc/arm-none-eabi/6.3.1/libgcc.a(_udivsi3.o)
 .debug_line    0x00000862       0x5b /usr/lib/gcc/arm-none-eabi/6.3.1/libgcc.a(_dvmd_tls.o)

.debug_str      0x00000000      0x462
 .debug_str     0x00000000      0x18e payload.o
                                0x1cc (size before relaxing)
 .debug_str     0x0000018e       0x94 system_regs.o
                                0x211 (size before relaxing)
 .debug_str     0x00000222       0xa9 tegra30_uart.o
                                0x1c1 (size before relaxing)
 .debug_str     0x000002cb      0x119 printf.o
                                0x2ac (size before relaxing)
 .debug_str     0x000003e4       0x7e mmu_dump.o
                                0x18a (size before relaxing)

.comment        0x00000000       0x31
 .comment       0x00000000       0x31 payload.o
                                 0x32 (size before relaxing)
 .comment       0x00000031       0x32 system_regs.o
 .comment       0x00000031       0x32 tegra30_uart.o
 .comment       0x00000031       0x32 printf.o
 .comment       0x00000031       0x32 mmu_dump.o

.ARM.attributes
                0x00000000       0x39
 .ARM.attributes
                0x00000000       0x39 payload.o
 .ARM.attributes
                0x00000039       0x39 system_regs.o
 .ARM.attributes
                0x00000072       0x39 tegra30_uart.o
 .ARM.attributes
                0x000000ab       0x39 printf.o
 .ARM.attributes
                0x000000e4       0x39 mmu_dump.o
 .ARM.attributes
                0x0000011d       0x18 /usr/lib/gcc/arm-none-eabi/6.3.1/libgcc.a(_udivsi3.o)
 .ARM.attributes
                0x00000135       0x18 /usr/lib/gcc/arm-none-eabi/6.3.1/libgcc.a(_dvmd_tls.o)

.debug_frame    0x00000000      0x3c8
 .debug_frame   0x00000000       0x40 payload.o
 .debug_frame   0x00000040      0x118 system_regs.o
 .debug_frame   0x00000158       0xc4 tegra30_uart.o
 .debug_frame   0x0000021c       0xcc printf.o
 .debug_frame   0x000002e8       0xc0 mmu_dump.o
 .debug_frame   0x000003a8       0x20 /usr/lib/gcc/arm-none-eabi/6.3.1/libgcc.a(_udivsi3.o)
