
Discarded input sections

 .data          0x00000000        0x0 s_payload.o
 .data          0x00000000        0x0 ../common/system_regs.o
 .data          0x00000000        0x0 ../common/tegra30_uart.o

Memory Configuration

Name             Origin             Length             Attributes
*default*        0x00000000         0xffffffff

Linker script and memory map

LOAD s_payload.o
LOAD ../common/system_regs.o
LOAD ../common/tegra30_uart.o
                0x80112174                LOAD_ADDR = 0x80112174
                0x80112174                . = LOAD_ADDR

.text           0x80112174      0x3ec
 *(.text)
 .text          0x80112174       0xc4 s_payload.o
                0x8011217c                main
 .text          0x80112238      0x174 ../common/system_regs.o
                0x80112238                get_processor_mode
                0x80112258                get_SB_PFCFG_0
                0x8011226c                get_cp15sdisable
                0x80112288                get_tbbr0
                0x801122a4                set_tbbr0
                0x801122c0                get_dacr
                0x801122dc                set_dacr
                0x801122fc                get_ns
                0x8011231c                set_ns
                0x80112334                clear_ns
                0x80112358                disable_mmu
                0x80112374                get_mpidr
                0x80112390                get_SCTLR
 .text          0x801123ac      0x1b4 ../common/tegra30_uart.o
                0x801123ac                uart_init
                0x801124f0                uart_print

.glue_7         0x80112560        0x0
 .glue_7        0x80112560        0x0 linker stubs

.glue_7t        0x80112560        0x0
 .glue_7t       0x80112560        0x0 linker stubs

.vfp11_veneer   0x80112560        0x0
 .vfp11_veneer  0x80112560        0x0 linker stubs

.v4_bx          0x80112560        0x0
 .v4_bx         0x80112560        0x0 linker stubs

.iplt           0x80112560        0x0
 .iplt          0x80112560        0x0 s_payload.o

.igot.plt       0x80112560        0x0
 .igot.plt      0x80112560        0x0 s_payload.o

.rel.dyn        0x80112560        0x0
 .rel.iplt      0x80112560        0x0 s_payload.o

.bss            0x80112560        0x0
 .bss           0x80112560        0x0 s_payload.o
 .bss           0x80112560        0x0 ../common/system_regs.o
 .bss           0x80112560        0x0 ../common/tegra30_uart.o
                0x80112560                . = ALIGN (0x4)

/DISCARD/
 *(.dynstr*)
 *(.dynamic*)
 *(.plt*)
 *(.interp*)
 *(.gnu*)
 *(.data*)
LOAD /usr/lib/gcc/arm-none-eabi/6.3.1/libgcc.a
OUTPUT(s_primary.elf elf32-littlearm)

.debug_info     0x00000000      0x33e
 .debug_info    0x00000000       0xb6 s_payload.o
 .debug_info    0x000000b6      0x21b ../common/system_regs.o
 .debug_info    0x000002d1       0x6d ../common/tegra30_uart.o

.debug_abbrev   0x00000000      0x1c3
 .debug_abbrev  0x00000000       0x6e s_payload.o
 .debug_abbrev  0x0000006e       0xe7 ../common/system_regs.o
 .debug_abbrev  0x00000155       0x6e ../common/tegra30_uart.o

.debug_aranges  0x00000000       0x60
 .debug_aranges
                0x00000000       0x20 s_payload.o
 .debug_aranges
                0x00000020       0x20 ../common/system_regs.o
 .debug_aranges
                0x00000040       0x20 ../common/tegra30_uart.o

.debug_line     0x00000000      0x19a
 .debug_line    0x00000000       0x87 s_payload.o
 .debug_line    0x00000087       0xaa ../common/system_regs.o
 .debug_line    0x00000131       0x69 ../common/tegra30_uart.o

.debug_str      0x00000000      0x24e
 .debug_str     0x00000000      0x171 s_payload.o
                                0x1a5 (size before relaxing)
 .debug_str     0x00000171       0xa8 ../common/system_regs.o
                                0x22e (size before relaxing)
 .debug_str     0x00000219       0x35 ../common/tegra30_uart.o
                                0x133 (size before relaxing)

.comment        0x00000000       0x31
 .comment       0x00000000       0x31 s_payload.o
                                 0x32 (size before relaxing)
 .comment       0x00000031       0x32 ../common/system_regs.o
 .comment       0x00000031       0x32 ../common/tegra30_uart.o

.ARM.attributes
                0x00000000       0x39
 .ARM.attributes
                0x00000000       0x39 s_payload.o
 .ARM.attributes
                0x00000039       0x39 ../common/system_regs.o
 .ARM.attributes
                0x00000072       0x39 ../common/tegra30_uart.o

.debug_frame    0x00000000      0x194
 .debug_frame   0x00000000       0x28 s_payload.o
 .debug_frame   0x00000028      0x130 ../common/system_regs.o
 .debug_frame   0x00000158       0x3c ../common/tegra30_uart.o
