
Discarded input sections

 .data          0x00000000        0x0 secondary_trampolin.o

Memory Configuration

Name             Origin             Length             Attributes
*default*        0x00000000         0xffffffff

Linker script and memory map

LOAD secondary_trampolin.o
                0x8300a000                . = 0x8300a000

.text           0x8300a000       0x14
 *(.text)
 .text          0x8300a000       0x14 secondary_trampolin.o
                0x8300a000                main

.glue_7         0x8300a014        0x0
 .glue_7        0x8300a014        0x0 linker stubs

.glue_7t        0x8300a014        0x0
 .glue_7t       0x8300a014        0x0 linker stubs

.vfp11_veneer   0x8300a014        0x0
 .vfp11_veneer  0x8300a014        0x0 linker stubs

.v4_bx          0x8300a014        0x0
 .v4_bx         0x8300a014        0x0 linker stubs

.iplt           0x8300a014        0x0
 .iplt          0x8300a014        0x0 secondary_trampolin.o

.igot.plt       0x8300a014        0x0
 .igot.plt      0x8300a014        0x0 secondary_trampolin.o

.rel.dyn        0x8300a014        0x0
 .rel.iplt      0x8300a014        0x0 secondary_trampolin.o

.bss            0x8300a014        0x0
 .bss           0x8300a014        0x0 secondary_trampolin.o
                0x8300a014                . = ALIGN (0x4)

/DISCARD/
 *(.dynstr*)
 *(.dynamic*)
 *(.plt*)
 *(.interp*)
 *(.gnu*)
 *(.data*)
LOAD /usr/lib/gcc/arm-none-eabi/6.3.1/libgcc.a
OUTPUT(secondary_trampolin.elf elf32-littlearm)

.ARM.attributes
                0x00000000       0x27
 .ARM.attributes
                0x00000000       0x27 secondary_trampolin.o

.debug_line     0x00000000       0x47
 .debug_line    0x00000000       0x47 secondary_trampolin.o

.debug_info     0x00000000       0x8a
 .debug_info    0x00000000       0x8a secondary_trampolin.o

.debug_abbrev   0x00000000       0x14
 .debug_abbrev  0x00000000       0x14 secondary_trampolin.o

.debug_aranges  0x00000000       0x20
 .debug_aranges
                0x00000000       0x20 secondary_trampolin.o
