
Discarded input sections

 .data          0x00000000        0x0 payload.o

Memory Configuration

Name             Origin             Length             Attributes
*default*        0x00000000         0xffffffff

Linker script and memory map

LOAD payload.o
                0x83800000                . = 0x83800000

.text           0x83800000       0x1c
 *(.text)
 .text          0x83800000       0x1c payload.o
                0x83800000                main

.glue_7         0x8380001c        0x0
 .glue_7        0x8380001c        0x0 linker stubs

.glue_7t        0x8380001c        0x0
 .glue_7t       0x8380001c        0x0 linker stubs

.vfp11_veneer   0x8380001c        0x0
 .vfp11_veneer  0x8380001c        0x0 linker stubs

.v4_bx          0x8380001c        0x0
 .v4_bx         0x8380001c        0x0 linker stubs

.iplt           0x8380001c        0x0
 .iplt          0x8380001c        0x0 payload.o

.igot.plt       0x8380001c        0x0
 .igot.plt      0x8380001c        0x0 payload.o

.rel.dyn        0x8380001c        0x0
 .rel.iplt      0x8380001c        0x0 payload.o

.bss            0x8380001c        0x0
 .bss           0x8380001c        0x0 payload.o
                0x8380001c                . = ALIGN (0x4)

/DISCARD/
 *(.dynstr*)
 *(.dynamic*)
 *(.plt*)
 *(.interp*)
 *(.gnu*)
 *(.data*)
LOAD /usr/lib/gcc/arm-none-eabi/6.3.1/libgcc.a
OUTPUT(payload_secondary.elf elf32-littlearm)

.debug_info     0x00000000       0x7d
 .debug_info    0x00000000       0x7d payload.o

.debug_abbrev   0x00000000       0x40
 .debug_abbrev  0x00000000       0x40 payload.o

.debug_aranges  0x00000000       0x20
 .debug_aranges
                0x00000000       0x20 payload.o

.debug_line     0x00000000       0x39
 .debug_line    0x00000000       0x39 payload.o

.debug_str      0x00000000      0x152
 .debug_str     0x00000000      0x152 payload.o
                                0x186 (size before relaxing)

.comment        0x00000000       0x31
 .comment       0x00000000       0x31 payload.o
                                 0x32 (size before relaxing)

.ARM.attributes
                0x00000000       0x39
 .ARM.attributes
                0x00000000       0x39 payload.o

.debug_frame    0x00000000       0x20
 .debug_frame   0x00000000       0x20 payload.o
