Archive member included to satisfy reference by file (symbol)

/usr/lib/gcc/arm-none-eabi/6.3.1/libgcc.a(_udivsi3.o)
                              tegra30_uart.o (__aeabi_uidiv)
/usr/lib/gcc/arm-none-eabi/6.3.1/libgcc.a(_dvmd_tls.o)
                              /usr/lib/gcc/arm-none-eabi/6.3.1/libgcc.a(_udivsi3.o) (__aeabi_idiv0)

Discarded input sections

 .data          0x00000000        0x0 payload.o
 .data          0x00000000        0x0 system_regs.o
 .data          0x00000000        0x0 tegra30_uart.o
 .data          0x00000000        0x0 printf.o
 .data          0x00000000        0x0 mmu_dump.o
 .data          0x00000000        0x0 /usr/lib/gcc/arm-none-eabi/6.3.1/libgcc.a(_udivsi3.o)
 .data          0x00000000        0x0 /usr/lib/gcc/arm-none-eabi/6.3.1/libgcc.a(_dvmd_tls.o)

Memory Configuration

Name             Origin             Length             Attributes
*default*        0x00000000         0xffffffff

Linker script and memory map

LOAD payload.o
LOAD system_regs.o
LOAD tegra30_uart.o
LOAD printf.o
LOAD mmu_dump.o
                0x80112174                . = 0x80112174

.text           0x80112174     0x2b20
 *(.text)
 .text          0x80112174      0x160 payload.o
                0x80112174                main
                0x8011221c                dump_important_stuff
 .text          0x801122d4      0x158 system_regs.o
                0x801122d4                get_processor_mode
                0x801122f4                get_SB_PFCFG_0
                0x80112308                get_cp15sdisable
                0x80112324                get_tbbr0
                0x80112340                set_tbbr0
                0x8011235c                get_dacr
                0x80112378                set_dacr
                0x80112398                get_ns
                0x801123b8                set_ns
                0x801123d0                clear_ns
                0x801123f4                disable_mmu
                0x80112410                get_mpidr
 .text          0x8011242c      0x568 tegra30_uart.o
                0x8011242c                print_newline
                0x8011244c                debug_uart_print
                0x801124b4                utoa
                0x801125d8                utoa_leading_zero
                0x80112748                putc
                0x80112798                uart_print
                0x80112840                uart_init
 .text          0x80112994     0x1718 printf.o
                0x80112afc                kvprintf
                0x8011400c                printf
                0x80114064                sprintf
 .text          0x801140ac      0xad0 mmu_dump.o
                0x8011493c                mmu_dump
                0x80114b40                _start
 .text          0x80114b7c      0x114 /usr/lib/gcc/arm-none-eabi/6.3.1/libgcc.a(_udivsi3.o)
                0x80114b7c                __udivsi3
                0x80114b7c                __aeabi_uidiv
                0x80114c70                __aeabi_uidivmod
 .text          0x80114c90        0x4 /usr/lib/gcc/arm-none-eabi/6.3.1/libgcc.a(_dvmd_tls.o)
                0x80114c90                __aeabi_ldiv0
                0x80114c90                __aeabi_idiv0

.rodata         0x80114c94      0x353
 .rodata        0x80114c94       0xb3 payload.o
 *fill*         0x80114d47        0x1 
 .rodata        0x80114d48       0x60 tegra30_uart.o
 .rodata        0x80114da8       0x3b printf.o
                0x80114da8                hex2ascii_data
 *fill*         0x80114de3        0x1 
 .rodata        0x80114de4      0x203 mmu_dump.o

.glue_7         0x80114fe8        0x0
 .glue_7        0x80114fe8        0x0 linker stubs

.glue_7t        0x80114fe8        0x0
 .glue_7t       0x80114fe8        0x0 linker stubs

.vfp11_veneer   0x80114fe8        0x0
 .vfp11_veneer  0x80114fe8        0x0 linker stubs

.v4_bx          0x80114fe8        0x0
 .v4_bx         0x80114fe8        0x0 linker stubs

.iplt           0x80114fe8        0x0
 .iplt          0x80114fe8        0x0 payload.o

.igot.plt       0x80114fe8        0x0
 .igot.plt      0x80114fe8        0x0 payload.o

.got            0x80114fe8        0x8
 .got           0x80114fe8        0x8 payload.o

.got.plt        0x80114ff0        0xc
 .got.plt       0x80114ff0        0xc payload.o
                0x80114ff0                _GLOBAL_OFFSET_TABLE_

.rel.dyn        0x80114ffc        0x0
 .rel.iplt      0x80114ffc        0x0 payload.o
 .rel.got       0x80114ffc        0x0 payload.o

.bss            0x80114ffc        0x4
 .bss           0x80114ffc        0x0 payload.o
 .bss           0x80114ffc        0x0 system_regs.o
 .bss           0x80114ffc        0x0 tegra30_uart.o
 .bss           0x80114ffc        0x0 printf.o
 .bss           0x80114ffc        0x4 mmu_dump.o
 .bss           0x80115000        0x0 /usr/lib/gcc/arm-none-eabi/6.3.1/libgcc.a(_udivsi3.o)
 .bss           0x80115000        0x0 /usr/lib/gcc/arm-none-eabi/6.3.1/libgcc.a(_dvmd_tls.o)
                0x80115000                . = ALIGN (0x4)

/DISCARD/
 *(.dynstr*)
 *(.dynamic*)
 *(.plt*)
 *(.interp*)
 *(.gnu*)
 *(.data*)
LOAD /usr/lib/gcc/arm-none-eabi/6.3.1/libgcc.a
OUTPUT(payload.elf elf32-littlearm)

.debug_info     0x00000000     0x10d9
 .debug_info    0x00000000       0xf5 payload.o
 .debug_info    0x000000f5      0x1f3 system_regs.o
 .debug_info    0x000002e8      0x221 tegra30_uart.o
 .debug_info    0x00000509      0x6f7 printf.o
 .debug_info    0x00000c00      0x37d mmu_dump.o
 .debug_info    0x00000f7d       0xae /usr/lib/gcc/arm-none-eabi/6.3.1/libgcc.a(_udivsi3.o)
 .debug_info    0x0000102b       0xae /usr/lib/gcc/arm-none-eabi/6.3.1/libgcc.a(_dvmd_tls.o)

.debug_abbrev   0x00000000      0x513
 .debug_abbrev  0x00000000       0x8d payload.o
 .debug_abbrev  0x0000008d       0xe7 system_regs.o
 .debug_abbrev  0x00000174       0xf1 tegra30_uart.o
 .debug_abbrev  0x00000265      0x1a1 printf.o
 .debug_abbrev  0x00000406       0xe5 mmu_dump.o
 .debug_abbrev  0x000004eb       0x14 /usr/lib/gcc/arm-none-eabi/6.3.1/libgcc.a(_udivsi3.o)
 .debug_abbrev  0x000004ff       0x14 /usr/lib/gcc/arm-none-eabi/6.3.1/libgcc.a(_dvmd_tls.o)

.debug_aranges  0x00000000       0xe0
 .debug_aranges
                0x00000000       0x20 payload.o
 .debug_aranges
                0x00000020       0x20 system_regs.o
 .debug_aranges
                0x00000040       0x20 tegra30_uart.o
 .debug_aranges
                0x00000060       0x20 printf.o
 .debug_aranges
                0x00000080       0x20 mmu_dump.o
 .debug_aranges
                0x000000a0       0x20 /usr/lib/gcc/arm-none-eabi/6.3.1/libgcc.a(_udivsi3.o)
 .debug_aranges
                0x000000c0       0x20 /usr/lib/gcc/arm-none-eabi/6.3.1/libgcc.a(_dvmd_tls.o)

.debug_line     0x00000000      0x8df
 .debug_line    0x00000000       0xc9 payload.o
 .debug_line    0x000000c9       0x9c system_regs.o
 .debug_line    0x00000165       0xe3 tegra30_uart.o
 .debug_line    0x00000248      0x407 printf.o
 .debug_line    0x0000064f      0x1bd mmu_dump.o
 .debug_line    0x0000080c       0x78 /usr/lib/gcc/arm-none-eabi/6.3.1/libgcc.a(_udivsi3.o)
 .debug_line    0x00000884       0x5b /usr/lib/gcc/arm-none-eabi/6.3.1/libgcc.a(_dvmd_tls.o)

.debug_str      0x00000000      0x450
 .debug_str     0x00000000      0x175 payload.o
                                0x1ae (size before relaxing)
 .debug_str     0x00000175       0x94 system_regs.o
                                0x210 (size before relaxing)
 .debug_str     0x00000209       0xa9 tegra30_uart.o
                                0x1c0 (size before relaxing)
 .debug_str     0x000002b2      0x120 printf.o
                                0x2ab (size before relaxing)
 .debug_str     0x000003d2       0x7e mmu_dump.o
                                0x189 (size before relaxing)

.comment        0x00000000       0x31
 .comment       0x00000000       0x31 payload.o
                                 0x32 (size before relaxing)
 .comment       0x00000031       0x32 system_regs.o
 .comment       0x00000031       0x32 tegra30_uart.o
 .comment       0x00000031       0x32 printf.o
 .comment       0x00000031       0x32 mmu_dump.o

.ARM.attributes
                0x00000000       0x39
 .ARM.attributes
                0x00000000       0x39 payload.o
 .ARM.attributes
                0x00000039       0x39 system_regs.o
 .ARM.attributes
                0x00000072       0x39 tegra30_uart.o
 .ARM.attributes
                0x000000ab       0x39 printf.o
 .ARM.attributes
                0x000000e4       0x39 mmu_dump.o
 .ARM.attributes
                0x0000011d       0x18 /usr/lib/gcc/arm-none-eabi/6.3.1/libgcc.a(_udivsi3.o)
 .ARM.attributes
                0x00000135       0x18 /usr/lib/gcc/arm-none-eabi/6.3.1/libgcc.a(_dvmd_tls.o)

.debug_frame    0x00000000      0x3cc
 .debug_frame   0x00000000       0x44 payload.o
 .debug_frame   0x00000044      0x118 system_regs.o
 .debug_frame   0x0000015c       0xc4 tegra30_uart.o
 .debug_frame   0x00000220       0xcc printf.o
 .debug_frame   0x000002ec       0xc0 mmu_dump.o
 .debug_frame   0x000003ac       0x20 /usr/lib/gcc/arm-none-eabi/6.3.1/libgcc.a(_udivsi3.o)
