Archive member included to satisfy reference by file (symbol)

/usr/lib/gcc/arm-none-eabi/6.3.1/libgcc.a(_udivsi3.o)
                              tegra30_uart.o (__aeabi_uidiv)
/usr/lib/gcc/arm-none-eabi/6.3.1/libgcc.a(_dvmd_tls.o)
                              /usr/lib/gcc/arm-none-eabi/6.3.1/libgcc.a(_udivsi3.o) (__aeabi_idiv0)

Discarded input sections

 .data          0x00000000        0x0 payload.o
 .data          0x00000000        0x0 system_regs.o
 .data          0x00000000        0x0 tegra30_uart.o
 .data          0x00000000        0x0 printf.o
 .data          0x00000000        0x0 mmu_dump.o
 .data          0x00000000        0x0 /usr/lib/gcc/arm-none-eabi/6.3.1/libgcc.a(_udivsi3.o)
 .data          0x00000000        0x0 /usr/lib/gcc/arm-none-eabi/6.3.1/libgcc.a(_dvmd_tls.o)

Memory Configuration

Name             Origin             Length             Attributes
*default*        0x00000000         0xffffffff

Linker script and memory map

LOAD payload.o
LOAD system_regs.o
LOAD tegra30_uart.o
LOAD printf.o
LOAD mmu_dump.o
                0x80112174                . = 0x80112174

.text           0x80112174     0x2c58
 *(.text)
 .text          0x80112174      0x298 payload.o
                0x80112174                main
                0x80112354                dump_important_stuff
 .text          0x8011240c      0x158 system_regs.o
                0x8011240c                get_processor_mode
                0x8011242c                get_SB_PFCFG_0
                0x80112440                get_cp15sdisable
                0x8011245c                get_tbbr0
                0x80112478                set_tbbr0
                0x80112494                get_dacr
                0x801124b0                set_dacr
                0x801124d0                get_ns
                0x801124f0                set_ns
                0x80112508                clear_ns
                0x8011252c                disable_mmu
                0x80112548                get_mpidr
 .text          0x80112564      0x568 tegra30_uart.o
                0x80112564                print_newline
                0x80112584                debug_uart_print
                0x801125ec                utoa
                0x80112710                utoa_leading_zero
                0x80112880                putc
                0x801128d0                uart_print
                0x80112978                uart_init
 .text          0x80112acc     0x1718 printf.o
                0x80112c34                kvprintf
                0x80114144                printf
                0x8011419c                sprintf
 .text          0x801141e4      0xad0 mmu_dump.o
                0x80114a74                mmu_dump
                0x80114c78                _start
 .text          0x80114cb4      0x114 /usr/lib/gcc/arm-none-eabi/6.3.1/libgcc.a(_udivsi3.o)
                0x80114cb4                __udivsi3
                0x80114cb4                __aeabi_uidiv
                0x80114da8                __aeabi_uidivmod
 .text          0x80114dc8        0x4 /usr/lib/gcc/arm-none-eabi/6.3.1/libgcc.a(_dvmd_tls.o)
                0x80114dc8                __aeabi_ldiv0
                0x80114dc8                __aeabi_idiv0

.rodata         0x80114dcc      0x3db
 .rodata        0x80114dcc      0x13b payload.o
 *fill*         0x80114f07        0x1 
 .rodata        0x80114f08       0x60 tegra30_uart.o
 .rodata        0x80114f68       0x3b printf.o
                0x80114f68                hex2ascii_data
 *fill*         0x80114fa3        0x1 
 .rodata        0x80114fa4      0x203 mmu_dump.o

.glue_7         0x801151a8        0x0
 .glue_7        0x801151a8        0x0 linker stubs

.glue_7t        0x801151a8        0x0
 .glue_7t       0x801151a8        0x0 linker stubs

.vfp11_veneer   0x801151a8        0x0
 .vfp11_veneer  0x801151a8        0x0 linker stubs

.v4_bx          0x801151a8        0x0
 .v4_bx         0x801151a8        0x0 linker stubs

.iplt           0x801151a8        0x0
 .iplt          0x801151a8        0x0 payload.o

.igot.plt       0x801151a8        0x0
 .igot.plt      0x801151a8        0x0 payload.o

.got            0x801151a8        0x8
 .got           0x801151a8        0x8 payload.o

.got.plt        0x801151b0        0xc
 .got.plt       0x801151b0        0xc payload.o
                0x801151b0                _GLOBAL_OFFSET_TABLE_

.rel.dyn        0x801151bc        0x0
 .rel.iplt      0x801151bc        0x0 payload.o
 .rel.got       0x801151bc        0x0 payload.o

.bss            0x801151bc        0x4
 .bss           0x801151bc        0x0 payload.o
 .bss           0x801151bc        0x0 system_regs.o
 .bss           0x801151bc        0x0 tegra30_uart.o
 .bss           0x801151bc        0x0 printf.o
 .bss           0x801151bc        0x4 mmu_dump.o
 .bss           0x801151c0        0x0 /usr/lib/gcc/arm-none-eabi/6.3.1/libgcc.a(_udivsi3.o)
 .bss           0x801151c0        0x0 /usr/lib/gcc/arm-none-eabi/6.3.1/libgcc.a(_dvmd_tls.o)
                0x801151c0                . = ALIGN (0x4)

/DISCARD/
 *(.dynstr*)
 *(.dynamic*)
 *(.plt*)
 *(.interp*)
 *(.gnu*)
 *(.data*)
LOAD /usr/lib/gcc/arm-none-eabi/6.3.1/libgcc.a
OUTPUT(payload.elf elf32-littlearm)

.debug_info     0x00000000     0x110f
 .debug_info    0x00000000      0x12b payload.o
 .debug_info    0x0000012b      0x1f3 system_regs.o
 .debug_info    0x0000031e      0x221 tegra30_uart.o
 .debug_info    0x0000053f      0x6f7 printf.o
 .debug_info    0x00000c36      0x37d mmu_dump.o
 .debug_info    0x00000fb3       0xae /usr/lib/gcc/arm-none-eabi/6.3.1/libgcc.a(_udivsi3.o)
 .debug_info    0x00001061       0xae /usr/lib/gcc/arm-none-eabi/6.3.1/libgcc.a(_dvmd_tls.o)

.debug_abbrev   0x00000000      0x51e
 .debug_abbrev  0x00000000       0x98 payload.o
 .debug_abbrev  0x00000098       0xe7 system_regs.o
 .debug_abbrev  0x0000017f       0xf1 tegra30_uart.o
 .debug_abbrev  0x00000270      0x1a1 printf.o
 .debug_abbrev  0x00000411       0xe5 mmu_dump.o
 .debug_abbrev  0x000004f6       0x14 /usr/lib/gcc/arm-none-eabi/6.3.1/libgcc.a(_udivsi3.o)
 .debug_abbrev  0x0000050a       0x14 /usr/lib/gcc/arm-none-eabi/6.3.1/libgcc.a(_dvmd_tls.o)

.debug_aranges  0x00000000       0xe0
 .debug_aranges
                0x00000000       0x20 payload.o
 .debug_aranges
                0x00000020       0x20 system_regs.o
 .debug_aranges
                0x00000040       0x20 tegra30_uart.o
 .debug_aranges
                0x00000060       0x20 printf.o
 .debug_aranges
                0x00000080       0x20 mmu_dump.o
 .debug_aranges
                0x000000a0       0x20 /usr/lib/gcc/arm-none-eabi/6.3.1/libgcc.a(_udivsi3.o)
 .debug_aranges
                0x000000c0       0x20 /usr/lib/gcc/arm-none-eabi/6.3.1/libgcc.a(_dvmd_tls.o)

.debug_line     0x00000000      0x91b
 .debug_line    0x00000000      0x105 payload.o
 .debug_line    0x00000105       0x9c system_regs.o
 .debug_line    0x000001a1       0xe3 tegra30_uart.o
 .debug_line    0x00000284      0x407 printf.o
 .debug_line    0x0000068b      0x1bd mmu_dump.o
 .debug_line    0x00000848       0x78 /usr/lib/gcc/arm-none-eabi/6.3.1/libgcc.a(_udivsi3.o)
 .debug_line    0x000008c0       0x5b /usr/lib/gcc/arm-none-eabi/6.3.1/libgcc.a(_dvmd_tls.o)

.debug_str      0x00000000      0x460
 .debug_str     0x00000000      0x185 payload.o
                                0x1be (size before relaxing)
 .debug_str     0x00000185       0x94 system_regs.o
                                0x210 (size before relaxing)
 .debug_str     0x00000219       0xa9 tegra30_uart.o
                                0x1c0 (size before relaxing)
 .debug_str     0x000002c2      0x120 printf.o
                                0x2ab (size before relaxing)
 .debug_str     0x000003e2       0x7e mmu_dump.o
                                0x189 (size before relaxing)

.comment        0x00000000       0x31
 .comment       0x00000000       0x31 payload.o
                                 0x32 (size before relaxing)
 .comment       0x00000031       0x32 system_regs.o
 .comment       0x00000031       0x32 tegra30_uart.o
 .comment       0x00000031       0x32 printf.o
 .comment       0x00000031       0x32 mmu_dump.o

.ARM.attributes
                0x00000000       0x39
 .ARM.attributes
                0x00000000       0x39 payload.o
 .ARM.attributes
                0x00000039       0x39 system_regs.o
 .ARM.attributes
                0x00000072       0x39 tegra30_uart.o
 .ARM.attributes
                0x000000ab       0x39 printf.o
 .ARM.attributes
                0x000000e4       0x39 mmu_dump.o
 .ARM.attributes
                0x0000011d       0x18 /usr/lib/gcc/arm-none-eabi/6.3.1/libgcc.a(_udivsi3.o)
 .ARM.attributes
                0x00000135       0x18 /usr/lib/gcc/arm-none-eabi/6.3.1/libgcc.a(_dvmd_tls.o)

.debug_frame    0x00000000      0x3cc
 .debug_frame   0x00000000       0x44 payload.o
 .debug_frame   0x00000044      0x118 system_regs.o
 .debug_frame   0x0000015c       0xc4 tegra30_uart.o
 .debug_frame   0x00000220       0xcc printf.o
 .debug_frame   0x000002ec       0xc0 mmu_dump.o
 .debug_frame   0x000003ac       0x20 /usr/lib/gcc/arm-none-eabi/6.3.1/libgcc.a(_udivsi3.o)
